// Jest Snapshot v1, https://goo.gl/fbAQLP

exports[`renders 1`] = `
<div
  style={Object {}}
>
  <select
    onChange={[Function]}
    readOnly={false}
    style={
      Object {
        "display": "inline-block",
        "marginRight": 5,
        "monthSelectStyle": Object {},
        "verticalAlign": "middle",
        "width": "auto",
      }
    }
    value=""
  >
    <option
      value=""
    >
      --- Month ---
    </option>
    <option
      value="1"
    >
      January (1)
    </option>
    <option
      value="2"
    >
      February (2)
    </option>
    <option
      value="3"
    >
      March (3)
    </option>
    <option
      value="4"
    >
      April (4)
    </option>
    <option
      value="5"
    >
      May (5)
    </option>
    <option
      value="6"
    >
      June (6)
    </option>
    <option
      value="7"
    >
      July (7)
    </option>
    <option
      value="8"
    >
      August (8)
    </option>
    <option
      value="9"
    >
      September (9)
    </option>
    <option
      value="10"
    >
      October (10)
    </option>
    <option
      value="11"
    >
      November (11)
    </option>
    <option
      value="12"
    >
      December (12)
    </option>
  </select>
  <input
    onBlur={[Function]}
    onChange={[Function]}
    placeholder="DD"
    readOnly={false}
    style={
      Object {
        "display": "inline-block",
        "marginRight": 5,
        "verticalAlign": "middle",
        "width": "5rem",
      }
    }
    type="text"
    value=""
  />
  <input
    onBlur={[Function]}
    onChange={[Function]}
    placeholder="YYYY"
    readOnly={false}
    style={
      Object {
        "display": "inline-block",
        "marginRight": 5,
        "verticalAlign": "middle",
        "width": "7rem",
      }
    }
    type="text"
    value=""
  />
  <input
    onBlur={[Function]}
    onChange={[Function]}
    placeholder="HH:MM"
    readOnly={false}
    style={
      Object {
        "display": "inline-block",
        "marginRight": 5,
        "verticalAlign": "middle",
        "width": "15rem",
      }
    }
    type="time"
    value=""
  />
</div>
`;
