// Jest Snapshot v1, https://goo.gl/fbAQLP

exports[`renders 1`] = `
<select
  name="test"
  onChange={[Function]}
  readOnly={false}
  style={Object {}}
  value=""
>
  <option
    value=""
  >
    (Select One)
  </option>
  <option
    value="a"
  >
    A
  </option>
  <option
    value="b"
  >
    B
  </option>
  <option
    value="c"
  >
    C
  </option>
</select>
`;
